<html>
<body>
<pre>
<h1>µVision Build Log</h1>
<h2>Tool Versions:</h2>
IDE-Version: £gVision V5.38.0.0
Copyright (C) 2022 ARM Ltd and ARM Germany GmbH. All rights reserved.
License Information: 11 11, 1, LIC=8MZI6-DKM0F-AWJ2F-656NP-4XURH-LIU82
 
Tool Versions:
Toolchain:       MDK-ARM Professional  Version: 5.38.0.0
Toolchain Path:  C:\Keil_v5\ARM\ARMCLANG\Bin
C Compiler:      ArmClang.exe V6.19
Assembler:       Armasm.exe V6.19
Linker/Locator:  ArmLink.exe V6.19
Library Manager: ArmAr.exe V6.19
Hex Converter:   FromElf.exe V6.19
CPU DLL:         SARMCM3.DLL V5.38.0.0
Dialog DLL:      DCM.DLL V1.17.5.0
Target DLL:      STLink\ST-LINKIII-KEIL_SWO.dll V3.1.0.0
Dialog DLL:      TCM.DLL V1.56.4.0
 
<h2>Project:</h2>
C:\Users\astbe\OneDrive\Desktop\Signal_Process\Calibattion_TEST_TO_GUI\MDK-ARM\Calibattion_TEST_TO_GUI.uvprojx
Project File Date:  12/11/2023

<h2>Output:</h2>
*** Using Compiler 'V6.19', folder: 'C:\Keil_v5\ARM\ARMCLANG\Bin'
Build target 'Calibattion_TEST_TO_GUI'
compiling Flash.c...
compiling Variable.c...
compiling ADC.c...
compiling ISR.c...
compiling FLASH_SECTOR_F4.c...
compiling main.c...
compiling stm32f4xx_it.c...
compiling stm32f4xx_hal_msp.c...
../Core/Src/UartRingbuffer_multi.c(827): warning: passing 'unsigned char[128]' to parameter of type 'const char *' converts between pointers to integer types where one is of the unique plain 'char' type and the other is not [-Wpointer-sign]
        if (strncmp(_rx_buffer2->buffer, "CH", 2) == true)
                    ^~~~~~~~~~~~~~~~~~~
C:\Keil_v5\ARM\ARMCLANG\Bin\..\include\string.h(132): note: passing argument to parameter here
extern _ARMABI int strncmp(const char * /*s1*/, const char * /*s2*/, size_t /*n*/) __attribute__((__nonnull__(1,2)));
                                              ^
../Core/Src/UartRingbuffer_multi.c(832): warning: passing 'unsigned char[128]' to parameter of type 'char *' converts between pointers to integer types where one is of the unique plain 'char' type and the other is not [-Wpointer-sign]
                Search_String(rx_buffer2.buffer, output_Buff, search_string_start, channel);
                              ^~~~~~~~~~~~~~~~~
../Core/Src/UartRingbuffer_multi.c(591): note: passing argument to parameter 's' here
void Search_String(char s[], char out[], uint16_t p, uint16_t l)
                        ^
../Core/Src/UartRingbuffer_multi.c(838): warning: passing 'unsigned char[128]' to parameter of type 'const char *' converts between pointers to integer types where one is of the unique plain 'char' type and the other is not [-Wpointer-sign]
        if (strncmp(_rx_buffer2->buffer, "Duty", 4) == true || strncmp(_rx_buffer2->buffer, "Freq", 4) == true)
                    ^~~~~~~~~~~~~~~~~~~
C:\Keil_v5\ARM\ARMCLANG\Bin\..\include\string.h(132): note: passing argument to parameter here
extern _ARMABI int strncmp(const char * /*s1*/, const char * /*s2*/, size_t /*n*/) __attribute__((__nonnull__(1,2)));
                                              ^
../Core/Src/UartRingbuffer_multi.c(838): warning: passing 'unsigned char[128]' to parameter of type 'const char *' converts between pointers to integer types where one is of the unique plain 'char' type and the other is not [-Wpointer-sign]
        if (strncmp(_rx_buffer2->buffer, "Duty", 4) == true || strncmp(_rx_buffer2->buffer, "Freq", 4) == true)
                                                                       ^~~~~~~~~~~~~~~~~~~
C:\Keil_v5\ARM\ARMCLANG\Bin\..\include\string.h(132): note: passing argument to parameter here
extern _ARMABI int strncmp(const char * /*s1*/, const char * /*s2*/, size_t /*n*/) __attribute__((__nonnull__(1,2)));
                                              ^
../Core/Src/UartRingbuffer_multi.c(843): warning: passing 'unsigned char[128]' to parameter of type 'const char *' converts between pointers to integer types where one is of the unique plain 'char' type and the other is not [-Wpointer-sign]
                size_t cmdLength = strlen(_rx_buffer2->buffer);
                                          ^~~~~~~~~~~~~~~~~~~
C:\Keil_v5\ARM\ARMCLANG\Bin\..\include\string.h(335): note: passing argument to parameter here
extern _ARMABI size_t strlen(const char * /*s*/) __attribute__((__nonnull__(1)));
                                               ^
../Core/Src/UartRingbuffer_multi.c(855): warning: passing 'unsigned char[128]' to parameter of type 'char *' converts between pointers to integer types where one is of the unique plain 'char' type and the other is not [-Wpointer-sign]
                Search_String(rx_buffer2.buffer, output_Buff, 4, digitPosition);
                              ^~~~~~~~~~~~~~~~~
../Core/Src/UartRingbuffer_multi.c(591): note: passing argument to parameter 's' here
void Search_String(char s[], char out[], uint16_t p, uint16_t l)
                        ^
../Core/Src/UartRingbuffer_multi.c(857): warning: passing 'unsigned char[128]' to parameter of type 'const char *' converts between pointers to integer types where one is of the unique plain 'char' type and the other is not [-Wpointer-sign]
                if (strncmp(_rx_buffer2->buffer, "Duty", 4) == true)
                            ^~~~~~~~~~~~~~~~~~~
C:\Keil_v5\ARM\ARMCLANG\Bin\..\include\string.h(132): note: passing argument to parameter here
extern _ARMABI int strncmp(const char * /*s1*/, const char * /*s2*/, size_t /*n*/) __attribute__((__nonnull__(1,2)));
                                              ^
../Core/Src/UartRingbuffer_multi.c(867): warning: passing 'unsigned char[128]' to parameter of type 'const char *' converts between pointers to integer types where one is of the unique plain 'char' type and the other is not [-Wpointer-sign]
                else if (strncmp(_rx_buffer2->buffer, "Freq", 4) == true)
                                 ^~~~~~~~~~~~~~~~~~~
C:\Keil_v5\ARM\ARMCLANG\Bin\..\include\string.h(132): note: passing argument to parameter here
extern _ARMABI int strncmp(const char * /*s1*/, const char * /*s2*/, size_t /*n*/) __attribute__((__nonnull__(1,2)));
                                              ^
../Core/Src/UartRingbuffer_multi.c(904): warning: passing 'unsigned char[128]' to parameter of type 'const char *' converts between pointers to integer types where one is of the unique plain 'char' type and the other is not [-Wpointer-sign]
        if (strncmp(_rx_buffer2->buffer, "CH", 2) == true)
                    ^~~~~~~~~~~~~~~~~~~
C:\Keil_v5\ARM\ARMCLANG\Bin\..\include\string.h(132): note: passing argument to parameter here
extern _ARMABI int strncmp(const char * /*s1*/, const char * /*s2*/, size_t /*n*/) __attribute__((__nonnull__(1,2)));
                                              ^
../Core/Src/UartRingbuffer_multi.c(910): warning: passing 'unsigned char[128]' to parameter of type 'char *' converts between pointers to integer types where one is of the unique plain 'char' type and the other is not [-Wpointer-sign]
                Search_String(rx_buffer2.buffer, channel_Buff, search_string_start, channel);
                              ^~~~~~~~~~~~~~~~~
../Core/Src/UartRingbuffer_multi.c(591): note: passing argument to parameter 's' here
void Search_String(char s[], char out[], uint16_t p, uint16_t l)
                        ^
../Core/Src/UartRingbuffer_multi.c(920): warning: passing 'unsigned char[128]' to parameter of type 'const char *' converts between pointers to integer types where one is of the unique plain 'char' type and the other is not [-Wpointer-sign]
                size_t len = strlen(_rx_buffer2->buffer);
                                    ^~~~~~~~~~~~~~~~~~~
C:\Keil_v5\ARM\ARMCLANG\Bin\..\include\string.h(335): note: passing argument to parameter here
extern _ARMABI size_t strlen(const char * /*s*/) __attribute__((__nonnull__(1)));
                                               ^
../Core/Src/UartRingbuffer_multi.c(928): warning: passing 'unsigned char[128]' to parameter of type 'const char *' converts between pointers to integer types where one is of the unique plain 'char' type and the other is not [-Wpointer-sign]
                if (strncmp(_rx_buffer2->buffer, "Duty", 4) == true || strncmp(_rx_buffer2->buffer, "Freq", 4) == true)
                            ^~~~~~~~~~~~~~~~~~~
C:\Keil_v5\ARM\ARMCLANG\Bin\..\include\string.h(132): note: passing argument to parameter here
extern _ARMABI int strncmp(const char * /*s1*/, const char * /*s2*/, size_t /*n*/) __attribute__((__nonnull__(1,2)));
                                              ^
../Core/Src/UartRingbuffer_multi.c(928): warning: passing 'unsigned char[128]' to parameter of type 'const char *' converts between pointers to integer types where one is of the unique plain 'char' type and the other is not [-Wpointer-sign]
                if (strncmp(_rx_buffer2->buffer, "Duty", 4) == true || strncmp(_rx_buffer2->buffer, "Freq", 4) == true)
                                                                               ^~~~~~~~~~~~~~~~~~~
C:\Keil_v5\ARM\ARMCLANG\Bin\..\include\string.h(132): note: passing argument to parameter here
extern _ARMABI int strncmp(const char * /*s1*/, const char * /*s2*/, size_t /*n*/) __attribute__((__nonnull__(1,2)));
                                              ^
../Core/Src/UartRingbuffer_multi.c(933): warning: passing 'unsigned char[128]' to parameter of type 'const char *' converts between pointers to integer types where one is of the unique plain 'char' type and the other is not [-Wpointer-sign]
                        size_t cmdLength = strlen(_rx_buffer2->buffer);
                                                  ^~~~~~~~~~~~~~~~~~~
C:\Keil_v5\ARM\ARMCLANG\Bin\..\include\string.h(335): note: passing argument to parameter here
extern _ARMABI size_t strlen(const char * /*s*/) __attribute__((__nonnull__(1)));
                                               ^
../Core/Src/UartRingbuffer_multi.c(941): warning: passing 'unsigned char[128]' to parameter of type 'char *' converts between pointers to integer types where one is of the unique plain 'char' type and the other is not [-Wpointer-sign]
                        Search_String(rx_buffer2.buffer, output_Buff, 4, digitPosition);
                                      ^~~~~~~~~~~~~~~~~
../Core/Src/UartRingbuffer_multi.c(591): note: passing argument to parameter 's' here
void Search_String(char s[], char out[], uint16_t p, uint16_t l)
                        ^
../Core/Src/UartRingbuffer_multi.c(943): warning: passing 'unsigned char[128]' to parameter of type 'const char *' converts between pointers to integer types where one is of the unique plain 'char' type and the other is not [-Wpointer-sign]
                        if (strncmp(_rx_buffer2->buffer, "Duty", 4) == true)
                                    ^~~~~~~~~~~~~~~~~~~
C:\Keil_v5\ARM\ARMCLANG\Bin\..\include\string.h(132): note: passing argument to parameter here
extern _ARMABI int strncmp(const char * /*s1*/, const char * /*s2*/, size_t /*n*/) __attribute__((__nonnull__(1,2)));
                                              ^
../Core/Src/UartRingbuffer_multi.c(963): warning: passing 'unsigned char[128]' to parameter of type 'const char *' converts between pointers to integer types where one is of the unique plain 'char' type and the other is not [-Wpointer-sign]
                        else if (strncmp(_rx_buffer2->buffer, "Freq", 4) == true)
                                         ^~~~~~~~~~~~~~~~~~~
C:\Keil_v5\ARM\ARMCLANG\Bin\..\include\string.h(132): note: passing argument to parameter here
extern _ARMABI int strncmp(const char * /*s1*/, const char * /*s2*/, size_t /*n*/) __attribute__((__nonnull__(1,2)));
                                              ^
../Core/Src/UartRingbuffer_multi.c(1004): warning: passing 'unsigned char[128]' to parameter of type 'const char *' converts between pointers to integer types where one is of the unique plain 'char' type and the other is not [-Wpointer-sign]
        else if (strncmp(_rx_buffer2->buffer, "Open PWM Channel", 17) == true)
                         ^~~~~~~~~~~~~~~~~~~
C:\Keil_v5\ARM\ARMCLANG\Bin\..\include\string.h(132): note: passing argument to parameter here
extern _ARMABI int strncmp(const char * /*s1*/, const char * /*s2*/, size_t /*n*/) __attribute__((__nonnull__(1,2)));
                                              ^
../Core/Src/UartRingbuffer_multi.c(1009): warning: passing 'unsigned char[128]' to parameter of type 'const char *' converts between pointers to integer types where one is of the unique plain 'char' type and the other is not [-Wpointer-sign]
        else if (strncmp(_rx_buffer2->buffer, "Close PWM Channel", 18) == true)
                         ^~~~~~~~~~~~~~~~~~~
C:\Keil_v5\ARM\ARMCLANG\Bin\..\include\string.h(132): note: passing argument to parameter here
extern _ARMABI int strncmp(const char * /*s1*/, const char * /*s2*/, size_t /*n*/) __attribute__((__nonnull__(1,2)));
                                              ^
../Core/Src/UartRingbuffer_multi.c(916): warning: 'sprintf' will always overflow; destination buffer has size 10, but format string expands to at least 13 [-Wfortify-source]
                sprintf(buffer, "Channel is %d", PWM_Channel);
                ^
20 warnings generated.
compiling UartRingbuffer_multi.c...
linking...
Program Size: Code=22988 RO-data=988 RW-data=12 ZI-data=3204  
FromELF: creating hex file...
"Calibattion_TEST_TO_GUI\Calibattion_TEST_TO_GUI.axf" - 0 Error(s), 20 Warning(s).

<h2>Software Packages used:</h2>

Package Vendor: ARM
                http://www.keil.com/pack/ARM.CMSIS.5.9.0.pack
                ARM.CMSIS.5.9.0
                CMSIS (Common Microcontroller Software Interface Standard)
   * Component: CORE Version: 5.6.0

Package Vendor: Keil
                https://www.keil.com/pack/Keil.STM32F4xx_DFP.2.17.0.pack
                Keil.STM32F4xx_DFP.2.17.0
                STMicroelectronics STM32F4 Series Device Support, Drivers and Examples

<h2>Collection of Component include folders:</h2>
  ./RTE/_Calibattion_TEST_TO_GUI
  C:/Users/NBbackup01/AppData/Local/Arm/Packs/ARM/CMSIS/5.9.0/CMSIS/Core/Include
  C:/Users/NBbackup01/AppData/Local/Arm/Packs/Keil/STM32F4xx_DFP/2.17.0/Drivers/CMSIS/Device/ST/STM32F4xx/Include

<h2>Collection of Component Files used:</h2>

   * Component: ARM::CMSIS:CORE:5.6.0
      Include file:  CMSIS/Core/Include/tz_context.h
Build Time Elapsed:  00:00:02
</pre>
</body>
</html>
